// Jest Snapshot v1, https://goo.gl/fbAQLP

exports[`<CtaBanner /> should match the snapshot of CtaBanner 1`] = `
<div
  className="cta__banner"
>
  <p
    className="cta__banner__text"
  >
    Burning Heart is a donation app for people who like to give what they can, when they can.
     
    <a
      className="cta__banner__link"
      href="/signup"
      onClick={[Function]}
    >
      Sign up here.
    </a>
  </p>
</div>
`;
